// Jest Snapshot v1, https://goo.gl/fbAQLP

exports[`User search form renders the component 1`] = `<form><input type="text"> <button>Submit</button></form>`;
