// Jest Snapshot v1, https://goo.gl/fbAQLP

exports[`UserView render component 1`] = `
<div>
  <usersearchform-stub></usersearchform-stub>
  <userprofile-stub user="[object Object]"></userprofile-stub>
</div>
`;
